# domain-region.map — unlock-center classified domains
# format: domain<TAB>class<TAB>region
# class: global | regional | ai
# region: area id or - for global/ai
# generated entries: 1740 (global=1129 regional=591 ai=20)
# sources: unlock/all.txt + geosite + Rules Domain + 1-stream
0c86e2d1-madman-com-au.akamaized.net	regional	au
10.com.au	regional	au
10play.com.au	regional	au
112263.com	global	-
126.com	global	-
126.link	global	-
126.net	global	-
127.com	global	-
127.net	global	-
163.com	global	-
163cn.tv	global	-
163industry.com	global	-
163jiasu.com	global	-
163mail.com	global	-
163qiyukf.com	global	-
163yun.com	global	-
166.com	global	-
166.net	global	-
188.com	global	-
1fad96d91f4f519fc79753650a57dad992c44af2.cws.conviva.com	regional	sg
1ok961aaca.execute-api.eu-west-1.amazonaws.com	global	-
20thcenturystudios.com	global	-
20thcenturystudios.com.au	global	-
20thcenturystudios.com.br	global	-
20thcenturystudios.jp	global	-
321fenx.com	global	-
44wilhpljf.execute-api.ap-southeast-1.amazonaws.com	regional	sg
4ac1dd56e493354be504f063e4ae3440a13c6776.cws.conviva.com	regional	eu
4gtv.tv	regional	tw
4gtvfreepc-cds.cdn.hinet.net	regional	tw
4gtvfreepcvod-cds.cdn.hinet.net	regional	tw
4gtvpc-cds.cdn.hinet.net	regional	tw
4gtvpcvod-cds.cdn.hinet.net	regional	tw
567852.xyz	regional	hk
5a929471-madman-com-au.akamaized.net	regional	au
71.am	global	-
71.am.com	global	-
71edge.com	global	-
71edge.net	global	-
7plus-sevennetwork.akamaized.net	regional	au
7plus.com.au	regional	au
879ed873-madman-com-au.akamaized.net	regional	au
93e30b04-drm-widevine-licensing.axprod.net	regional	au
9c9media.com	regional	ca
9cdn.net	regional	au
9nation.com.au	regional	au
9news.com.au	regional	au
9now-livestreams-hd-t.akamaized.net	regional	au
9now-livestreams.akamaized.net	regional	au
9now.com.au	regional	au
9xsecndns.cn	global	-
a.youdao.com	global	-
a4e8s8k3.map2.ssl.hwcdn.net	global	-
a753.w10.akamai.net	regional	uk
abc-iview-mediapackagestreams-2.akamaized.net	regional	au
abc-studios.com	global	-
abc.com	global	-
abcnews.com	global	-
abema-tv.com	regional	jp
abema.adx.promo	regional	jp
abema.io	regional	jp
abema.tv	regional	jp
abematv.akamaized.net	regional	jp
abematv.co.jp	regional	jp
acg.tv	global	-
acgvideo.com	global	-
achat-followers-instagram.com	global	-
acheter-followers-instagram.com	global	-
acheterdesfollowersinstagram.com	global	-
acheterfollowersinstagram.com	global	-
acorn.tv	regional	us
ad.api.3g.youku.com	global	-
ad.api.mobile.youku.com	global	-
ad.games.dmm.com	regional	jp
ad.m.iqiyi.com	global	-
ad.mobile.youku.com	global	-
adashx.ut.youku.com	global	-
adeventtracker.spotify.com	global	-
admusicpic.music.126.net	global	-
ads.music.126.net	global	-
adstudio-assets.scdn.co	global	-
adventuresbydisney.com	global	-
adx.promo	global	-
aetv.com	regional	us
afewmomentswith.com	global	-
afp.iqiyi.com	global	-
afreecatv.com	regional	kr
aianno.cn	global	-
aianno.com	global	-
aiqiyicloud-mgmt.com	global	-
aiqiyicloud.com	global	-
aiqiyicloud.net	global	-
airspace-cdn.cbsviedo.com	regional	au
ais-vidnt.com	regional	sg
aisplay.ais.co.th	regional	sg
aiv-cdn.net	global	-
aiv-delivery.net	global	-
aka03p.akamaized.net	regional	tw
akamai.prod-live.h264.io	regional	eu
alibaba.cdn.steampipe.steamcontent.com	global	-
amazonprimevideo.cn	global	-
amazonprimevideo.com.cn	global	-
amazonprimevideos.com	global	-
amazonvideo.cc	global	-
amazonvideo.com	global	-
ameba.jp	regional	jp
amebame.com	global	-
amebaownd.com	global	-
amebaowndme.com	global	-
ameblo.jp	global	-
amediateka.ru	regional	eu
amnet.tw	regional	tw
analytics.163.com	global	-
analytics.tiktok.com	global	-
anidom.com	global	-
animestore.docomo.ne.jp	regional	jp
animetamashi.cn	global	-
animetamashi.com	global	-
anitama.cn	global	-
anitama.net	global	-
anthropic.com	ai	-
aod-dash-uk-live.akamaized.net	regional	uk
aod-hls-uk-live.akamaized.net	regional	uk
aod-pod-uk-live.akamaized.net	global	-
api-animefesta.iowl.jp	regional	jp
api-p.videomarket.jp	regional	jp
api.biliapi.com	regional	hk
api.biliapi.net	regional	hk
api.bilibili.com	regional	hk
api.games.umamusume.jp	regional	jp
api.global.bilibili.com	regional	hk
api.rlje.net	regional	us
api.viu.now.com	regional	hk
apis.pooq.co.kr	regional	kr
apl-hamivideo.cdn.hinet.net	regional	tw
apm-misaka.biliapi.net	regional	hk
app.biliapi.com	regional	hk
app.biliapi.net	regional	hk
app.bilibili.com	regional	hk
app.global.bilibili.com	regional	hk
apple-tv-plus-press.apple.com	global	-
as-dash-uk-live.akamaized.net	regional	eu
as-hls-uk-live.akamaized.net	regional	eu
assets.livednow.com	regional	hk
assetshuluimcom-a.akamaihd.net	regional	us
atm.youku.com	global	-
atttvnow.com	regional	us
atv-ext-eu.amazon.com	global	-
atv-ext-fe.amazon.com	global	-
atv-ext.amazon.com	global	-
atv-ps-eu.amazon.co.uk	global	-
atv-ps-eu.amazon.com	global	-
atv-ps-fe.amazon.co.jp	global	-
atv-ps-fe.amazon.com	global	-
atv-ps.amazon.com	global	-
audio-ak-spotify-com.akamaized.net	global	-
audio4-ak-spotify-com.akamaized.net	global	-
b23.tv	global	-
babble.com	global	-
babyzone.com	global	-
bahamut.akamaized.net	regional	tw
bahamut.com.tw	regional	tw
baiying.com	global	-
bamgrid.com	global	-
bamtech.net	global	-
band.us	global	-
bats.video.yahoo.com	regional	tw
bats.yahoodns.net	regional	tw
bbc-reporting-api.app	global	-
bbc.co	regional	uk
bbc.co.uk	regional	uk
bbc.com	regional	uk
bbc.in	regional	eu
bbc.mp-pxcdn.com	regional	uk
bbc.net.uk	regional	uk
bbcchinese.com	regional	eu
bbcfmt.hs.llnwd.net	regional	uk
bbcfmt.s.llnwi.net	regional	eu
bbci.co	regional	uk
bbci.co.uk	regional	uk
bbcmedia.co.uk	regional	eu
bbcpersian.com	regional	eu
bbcverticals.com	regional	eu
bcbolt446c5271-a.akamaihd.net	regional	hk
bcbolthboa-a.akamaihd.net	regional	sg
beautyandthebeastmusical.co.uk	global	-
beesport.livednow.com	regional	hk
beforeigners.com	global	-
bentobox.tv	global	-
bgr.in	global	-
bidi.net.uk	regional	uk
bigbigchannel.com.hk	regional	hk
bigbigshop.com	regional	hk
bigfun.cn	global	-
bigfunapp.cn	global	-
bili2.cc	global	-
bili22.cn	global	-
bili2233.cn	global	-
bili23.cn	global	-
bili33.cn	global	-
bili888.com	global	-
bili999.com	global	-
biliapi.com	regional	hk
biliapi.net	regional	hk
bilibili.cc	regional	hk
bilibili.cn	regional	hk
bilibili.com	regional	hk
bilibili.net	regional	hk
bilibili.tv	regional	hk
bilibiligame.cn	global	-
bilibiligame.co	global	-
bilibiligame.net	global	-
bilibilipay.cn	global	-
bilibilipay.com	global	-
bilicdn1.com	global	-
bilicdn2.com	global	-
bilicdn3.com	global	-
bilicdn4.com	global	-
bilicdn5.com	global	-
bilicomic.com	global	-
bilicomics.com	global	-
biligame.co	global	-
biligame.com	global	-
biligame.net	global	-
biligo.com	global	-
biliimg.com	global	-
biliintl.com	regional	hk
bilivideo.cn	regional	hk
bilivideo.com	regional	hk
bilivideo.net	regional	hk
bln1.yospace.com	regional	au
bloodhound.spotify.com	global	-
bluekai.com	global	-
bollywoodlife.com	global	-
boltdns.net	regional	us
bookstagram.com	global	-
bootstrapcdn.com	regional	hk
brightline.tv	global	-
britbox.com	regional	eu
browser-intake-datadoghq.com	global	-
bstarstatic.com	global	-
bucketeer.jp	regional	jp
byspotify.com	global	-
bytedapm.com	global	-
byteoversea.com	global	-
c.contentsquare.net	regional	uk
c.uaa.iqiyi.com	global	-
c4assets.com	regional	uk
cache.video.iqiyi.com	regional	tw
callhulu.com	global	-
canalplus.com	regional	eu
careerfundas.com	global	-
carstagram.com	global	-
casoneexchange.com	global	-
catchplay.com	regional	tw
cbc.ca	regional	ca
cbchd1dynamicads-i.akamaihd.net	regional	ca
cbclivedai5-i.akamaihd.net	regional	ca
cbcnewshd-f.akamaihd.net	regional	ca
cbcrcott-gem-key.akamaized.net	regional	ca
cbcrcott-gem.akamaized.net	regional	ca
cbsaavideo.com	regional	us
cbsi.com	regional	us
cbsi.live.ott.irdeto.com	regional	us
cbsivideo.com	regional	us
cbsplaylistserver.aws.syncbak.com	regional	us
cbsservice.aws.syncbak.com	regional	us
ccpa-service.sp-prod.net	regional	us
cdn-euronews-australia.akamaized.net	regional	au
cdn-fox-networks-group-green.akamaized.net	regional	us
cdn-spotify-experiments.conductrics.com	global	-
cdn.7livecloud.io	regional	au
cdn.hgc.com.hk	regional	hk
cdn.hinet.net	regional	tw
cdn.plyr.io	regional	tw
cdn.registerdisney.go.com	global	-
cdn.tvb.com	regional	hk
cdninstagram.com	global	-
channel4.com	regional	uk
channel5.com	regional	eu
chat.com	global	-
chatgpt.com	ai	-
chatgpt.livekit.cloud	ai	-
chatgpt.site	ai	-
chatscc-hamivideo2.cdn.hinet.net	regional	tw
chickstagram.com	global	-
cinemax.com	regional	sa
clau.de	global	-
claude.ai	ai	-
claude.com	ai	-
claudemcpclient.com	global	-
claudemcpcontent.com	global	-
claudeusercontent.com	global	-
client-update.queniuqe.com	global	-
cliptv.vn	regional	sg
cloudpush.iqiyi.com	global	-
clova.ai	global	-
clubdam.com	regional	jp
cn-cdn1.skymansion.net	global	-
cognito-identity.us-east-1.amazonaws.com	regional	hk
colorfulpalette.org	regional	jp
console.567852.xyz	regional	hk
content-ause1-ur-discovery1.uplynk.com	regional	eu
content-jiovoot.voot.com	regional	sg
content.jwplatform.com	regional	hk
copilot.microsoft.com	ai	-
coronavirusnow.com	global	-
coupang.com	regional	kr
coupangcdn.com	regional	kr
coupangplay.com	regional	kr
crackle.com	regional	us
crash.163.com	global	-
crashlytics.163.com	global	-
crave.ca	regional	ca
cricketcountry.com	global	-
crixet.com	global	-
crunchyroll.com	regional	us
csgo.com.cn	global	-
csgo.wmsj.cn	global	-
cssott.com	regional	eu
cupid.iqiyi.com	global	-
cwb.gov.tw	regional	tw
cws-hulu.conviva.com	regional	us
cwtv.com	regional	us
cygames.jp	regional	jp
d151l6v8er5bdm.cloudfront.net	regional	tw
d1g1f25tn8m2e6.cloudfront.net	global	-
d1k2us671qcoau.cloudfront.net	regional	tw
d1m7jfoe9zdc1j.cloudfront.net	global	-
d1mhjrowxxagfy.cloudfront.net	global	-
d1ndex63qxojbr.cloudfront.net	global	-
d1oca24q5dwo6d.cloudfront.net	global	-
d1sgwhnao7452x.cloudfront.net	global	-
d1v5ir2lpwr8os.cloudfront.net	regional	tw
d1w2poirtb3as9.cloudfront.net	global	-
d1xhnb4ptk05mw.cloudfront.net	global	-
d1ymi26ma8va5x.cloudfront.net	global	-
d22qjgkvxw22r6.cloudfront.net	regional	tw
d25m2gzplgnf0.cloudfront.net	regional	au
d25xi40x97liuc.cloudfront.net	regional	tw
d27xxe7juh1us6.cloudfront.net	global	-
d2aba1wr3818hz.cloudfront.net	global	-
d2anahhhmp1ffz.cloudfront.net	regional	tw
d2dylwb3shzel1.cloudfront.net	global	-
d2e2de1etea730.cloudfront.net	global	-
d2ivmxp5z2ww0n.cloudfront.net	regional	sg
d2lmsumy47c8as.cloudfront.net	regional	jp
d2nvs31859zcd8.cloudfront.net	global	-
d2u3aqiu3i9jpb.cloudfront.net	regional	au
d2um2qdswy1tb0.cloudfront.net	global	-
d2vjef5jvl6bfs.cloudfront.net	global	-
d2xmjdvx03ij56.cloudfront.net	global	-
d2yrmv70395w79.cloudfront.net	regional	au
d2z3p34itxwaj7.cloudfront.net	regional	eu
d349g9zuie06uo.cloudfront.net	regional	tw
d36nr0u3xmc4mm.cloudfront.net	global	-
d3aqoihi2n8ty8.cloudfront.net	global	-
d3c27h4odz752x.cloudfront.net	global	-
d3c7rimkq79yfu.cloudfront.net	regional	tw
d3cv4a9a9wh0bt.cloudfront.net	regional	us
d3o7oi00quuwqu.cloudfront.net	global	-
d3rj5p7u4c4icq.cloudfront.net	regional	au
d3vd9lfkzbru3h.cloudfront.net	global	-
d5m9nd9n1srh4.cloudfront.net	regional	tw
d6d4ismr40iw.cloudfront.net	global	-
d6tizftlrpuof.cloudfront.net	global	-
dai3fd1oh325y.cloudfront.net	regional	sg
data-cloudauthoring.magazine.rakuten.co.jp	regional	jp
dazn-api.com	global	-
dazn.com	global	-
dazndn.com	global	-
daznfeeds.com	global	-
daznplayer.com	global	-
daznservices.com	global	-
dcalivedazn.akamaized.net	global	-
dcblivedazn.akamaized.net	global	-
ddacn6pr5v0tl.cloudfront.net	global	-
detpress.com	global	-
dfp6rglgjqszk.cloudfront.net	regional	tw
dgeft87wbj63p.cloudfront.net	global	-
dicelaboratory.com	global	-
diceplatform.com	global	-
digiturkplay.com	regional	eu
dilcdn.com	global	-
directvgo.com	regional	sa
disco-api.com	regional	eu
discomax.com	regional	hk
discovery.com	regional	eu
discovery.uplynk.com	regional	eu
discoveryplus.co.uk	regional	eu
discoveryplus.com	regional	eu
discoveryplus.in	regional	in
dishworld.com	regional	us
disney-asia.com	global	-
disney-discount.com	global	-
disney-plus.net	global	-
disney-portal.my.onetrust.com	global	-
disney-studio.com	global	-
disney-studio.net	global	-
disney.api.edge.bamgrid.com	global	-
disney.asia	global	-
disney.be	global	-
disney.bg	global	-
disney.ca	global	-
disney.ch	global	-
disney.co.il	global	-
disney.co.jp	global	-
disney.co.kr	global	-
disney.co.th	global	-
disney.co.uk	global	-
disney.co.za	global	-
disney.com	global	-
disney.com.au	global	-
disney.com.br	global	-
disney.com.hk	global	-
disney.com.tw	global	-
disney.connections.edge.bamgrid.com	global	-
disney.cz	global	-
disney.de	global	-
disney.dk	global	-
disney.es	global	-
disney.fi	global	-
disney.fr	global	-
disney.gr	global	-
disney.hu	global	-
disney.id	global	-
disney.in	global	-
disney.io	global	-
disney.it	global	-
disney.my	global	-
disney.my.sentry.io	global	-
disney.nl	global	-
disney.no	global	-
disney.ph	global	-
disney.pl	global	-
disney.pt	global	-
disney.ro	global	-
disney.ru	global	-
disney.se	global	-
disney.sg	global	-
disneyaccount.com	global	-
disneyadsales.com	global	-
disneyanimation.com	global	-
disneyarena.com	global	-
disneyaulani.com	global	-
disneybaby.com	global	-
disneycareers.com	global	-
disneychannelonstage.com	global	-
disneychannelroadtrip.com	global	-
disneycruisebrasil.com	global	-
disneyenconcert.com	global	-
disneyiejobs.com	global	-
disneyinflight.com	global	-
disneyinternational.com	global	-
disneyinternationalhd.com	global	-
disneyjunior.com	global	-
disneyjuniortreataday.com	global	-
disneylandparis.com	global	-
disneylatino.com	global	-
disneymagicmoments.co.il	global	-
disneymagicmoments.co.uk	global	-
disneymagicmoments.co.za	global	-
disneymagicmoments.de	global	-
disneymagicmoments.es	global	-
disneymagicmoments.fr	global	-
disneymagicmoments.gen.tr	global	-
disneymagicmoments.gr	global	-
disneymagicmoments.it	global	-
disneymagicmoments.pl	global	-
disneymagicmomentsme.com	global	-
disneyme.com	global	-
disneymeetingsandevents.com	global	-
disneymovieinsiders.com	global	-
disneymusicpromotion.com	global	-
disneynewseries.com	global	-
disneynow.com	global	-
disneypeoplesurveys.com	global	-
disneyplus.bn5x.net	global	-
disneyplus.com	global	-
disneyplus.com.ssl.sc.omtrdc.net	global	-
disneyprivacycenter.com	global	-
disneyredirects.com	global	-
disneysrivieraresort.com	global	-
disneystore.com	global	-
disneystreaming.com	global	-
disneysubscription.com	global	-
disneytermsofuse.com	global	-
disneytickets.co.uk	global	-
disneyturkiye.com.tr	global	-
disneytvajobs.com	global	-
disneyworld-go.com	global	-
dl.steam.clngaa.com	global	-
dmc.nico	regional	jp
dmed.technology	global	-
dmm-extension.com	regional	jp
dmm.co.jp	regional	jp
dmm.com	regional	jp
dmmapis.com	global	-
dmmrex.com	global	-
dmqdd6hw24ucf.cloudfront.net	regional	tw
dnai.in	global	-
dnaindia.com	global	-
docker.mytvsuper.us.kg	regional	hk
docplay.com	regional	au
dogatch.jp	regional	jp
dokusho-ojikan.jp	global	-
dota2.com	global	-
dota2.com.cn	global	-
dota2.wmsj.cn	global	-
dqrpb9wgowsf5.cloudfront.net	global	-
dreamcast.hk	global	-
ds-linear-abematv.akamaized.net	regional	jp
ds-vod-abematv.akamaized.net	regional	jp
ds0h3roq6wcgc.cloudfront.net	global	-
dssott.com	global	-
dt-int-gurme-hls.mncdn.com	regional	eu
dt-live-int.akamaized.net	regional	eu
dtci.co	regional	us
dtci.technology	regional	us
dykkng5hnh52u.cloudfront.net	global	-
e-hentai.org	global	-
e.stat.ykimg.com	global	-
earngeek.com	global	-
easebar.com	global	-
edge.api.brightcove.com	regional	hk
edge.steam-dns.top.comcast.net	global	-
edgedatg.com	global	-
edgeware.tvb.com	regional	hk
edv021asd.freetls.fastly.net	regional	au
efe8f8a4-abd5-44c9-bf5c-cd217442c52f.t.ssp.hinet.net	regional	tw
ekhindi.com	global	-
elpionero.es	global	-
ems.youku.com	global	-
encoretvb.com	regional	hk
epix.com	regional	us
espn.api.edge.bamgrid.com	regional	us
espn.co.uk	regional	us
espn.com	regional	us
espn.hb.omtrdc.net	regional	us
espn.net	regional	us
espncdn.com	regional	us
espndotcom.tt.omtrdc.net	regional	us
espnqa.com	regional	us
eu3-prod-images.disco-api.com	regional	eu
eu3-prod.disco-api.com	regional	eu
europe-fastly-mediashield-live-prod.cdn.h264.io	regional	eu
eurosport-dlvr-ott-vod.akamaized.net	regional	eu
eurosport-dlvr-ott.akamaized.net	regional	eu
eurosport.com	regional	eu
eurosport.es	regional	eu
eurosport.fr	regional	eu
eurosport.io	regional	eu
eurosport.ro	regional	eu
eurosport.ru	regional	eu
eurosportplayer.com	regional	eu
exhentai.org	global	-
ext-twitch.tv	global	-
f1.com	global	-
f1prodlive.akamaized.net	regional	us
f1tv.com	global	-
f3b7q2p3.ssl.hwcdn.net	global	-
failoverstarhub.akamaized.net	regional	sg
fast.com	global	-
favoritescc-hamivideo2.cdn.hinet.net	regional	tw
ff1be285-madman-com-au.akamaized.net	regional	au
findyourlimits.com	global	-
formula1.com	regional	us
forthethrone.com	regional	sa
fout.jp	global	-
fox-corporation.com	global	-
fox-news.com	global	-
fox.com	regional	us
fox.tv	global	-
fox10.tv	global	-
fox10news.com	global	-
fox10phoenix.com	global	-
fox11.com	global	-
fox13memphis.com	global	-
fox13news.com	global	-
fox23.com	global	-
fox23maine.com	global	-
fox247.com	global	-
fox247.tv	global	-
fox26.com	global	-
fox26houston.com	global	-
fox28media.com	global	-
fox29.com	global	-
fox2detroit.com	global	-
fox2news.com	global	-
fox32.com	global	-
fox32chicago.com	global	-
fox35orlando.com	global	-
fox38corpuschristi.com	global	-
fox42kptm.com	global	-
fox46.com	global	-
fox46charlotte.com	global	-
fox47.com	global	-
fox49.tv	global	-
fox4news.com	global	-
fox51tns.net	global	-
fox5atlanta.com	global	-
fox5dc.com	global	-
fox5ny.com	global	-
fox5storm.com	global	-
fox6now.com	global	-
fox7.com	global	-
fox7austin.com	global	-
fox9.com	global	-
foxacrossamerica.com	global	-
foxaffiliateportal.com	global	-
foxandfriends.com	global	-
foxbet.com	global	-
foxbusiness.com	global	-
foxbusiness.tv	global	-
foxbusinessgo.com	global	-
foxcanvasroom.com	global	-
foxcareers.com	global	-
foxcharlotte.com	global	-
foxcincy.com	global	-
foxcincy.jobs	global	-
foxcincy.net	global	-
foxcollegesports.com	global	-
foxcorporation.com	global	-
foxcreativeuniversity.com	global	-
foxcredit.com	global	-
foxcredit.org	global	-
foxd.tv	global	-
foxdcg.com	regional	us
foxdeportes.com	global	-
foxdeportes.net	global	-
foxdeportes.tv	global	-
foxdigitalmovies.com	global	-
foxdoua.com	global	-
foxentertainment.com	global	-
foxest.com	global	-
foxfaq.com	global	-
foxfdm.com	global	-
foxfiles.com	global	-
foxinc.com	global	-
foxkansas.com	global	-
foxla.com	global	-
foxla.tv	global	-
foxlexington.com	global	-
foxmediacloud.com	global	-
foxnation.com	global	-
foxnebraska.com	global	-
foxneo.com	global	-
foxneodigital.com	global	-
foxnetworks.info	global	-
foxnetworksinfo.com	global	-
foxnews.cc	global	-
foxnews.com	global	-
foxnews.net	global	-
foxnews.org	global	-
foxnews.tv	global	-
foxnewsaffiliates.com	global	-
foxnewsaroundtheworld.com	global	-
foxnewsb2b.com	global	-
foxnewschannel.com	global	-
foxnewsgo.net	global	-
foxnewsgo.org	global	-
foxnewsgo.tv	global	-
foxnewshealth.com	global	-
foxnewslatino.com	global	-
foxnewsmagazine.com	global	-
foxnewsnetwork.com	global	-
foxnewsopinion.com	global	-
foxnewsplayer-a.akamaihd.net	global	-
foxnewspodcasts.com	global	-
foxnewspolitics.com	global	-
foxnewsradio.com	global	-
foxnewsrundown.com	global	-
foxnewssunday.com	global	-
foxon.com	global	-
foxphiladelphia.com	global	-
foxplus.com	global	-
foxpoker.com	global	-
foxrad.io	global	-
foxredeem.com	global	-
foxrelease.com	global	-
foxrichmond.com	global	-
foxrobots.com	global	-
foxsmallbusinesscenter.com	global	-
foxsmallbusinesscenter.net	global	-
foxsmallbusinesscenter.org	global	-
foxsoccer.net	global	-
foxsoccer.tv	global	-
foxsoccermatchpass.com	global	-
foxsoccerplus.com	global	-
foxsoccerplus.net	global	-
foxsoccerplus.tv	global	-
foxsoccershop.com	global	-
foxsports-chicago.com	global	-
foxsports-newyork.com	global	-
foxsports-world.com	global	-
foxsports.cl	global	-
foxsports.co	global	-
foxsports.co.ve	global	-
foxsports.com	global	-
foxsports.com.ar	global	-
foxsports.com.bo	global	-
foxsports.com.br	global	-
foxsports.com.co	global	-
foxsports.com.ec	global	-
foxsports.com.gt	global	-
foxsports.com.mx	global	-
foxsports.com.pe	global	-
foxsports.com.py	global	-
foxsports.com.uy	global	-
foxsports.com.ve	global	-
foxsports.gt	global	-
foxsports.info	global	-
foxsports.net	global	-
foxsports.net.br	global	-
foxsports.pe	global	-
foxsports.sv	global	-
foxsports.uy	global	-
foxsports01-i.akamaihd.net	regional	us
foxsports02-i.akamaihd.net	regional	us
foxsports03-i.akamaihd.net	regional	us
foxsports2.com	global	-
foxsportsflorida.com	global	-
foxsportsgo.com	global	-
foxsportsla.com	global	-
foxsportsnetmilwaukee.com	global	-
foxsportsneworleans.com	global	-
foxsportsracing.com	global	-
foxsportssupports.com	global	-
foxsportsuniversity.com	global	-
foxsportsworld.com	global	-
foxstudiolot.com	global	-
foxsuper6.com	global	-
foxtel.com	global	-
foxtel.com.au	global	-
foxtelevisionstations.com	global	-
foxtv.com	global	-
foxtvdvd.com	global	-
foxuv.com	global	-
foxweatherwatch.com	global	-
freeform.com	global	-
freehulu.com	global	-
freeviewplus.net.au	regional	au
friday.tw	regional	tw
fse.tv	global	-
fssta.com	global	-
ftv.com.tw	regional	tw
ftven.fr	regional	eu
fubo.tv	regional	us
fujitv.co.jp	regional	jp
fullscreen.nz	regional	au
funimation.com	regional	sa
funimationsvc.com	regional	au
fxn.ws	global	-
fxnetwork.com	global	-
fxnetworks.com	global	-
fxnow.fxnetworks.com	regional	us
g.163.com	global	-
gamer-cds.cdn.hinet.net	regional	tw
gamer.com.tw	regional	tw
gamer2-cds.cdn.hinet.net	regional	tw
gcld-line.com	global	-
geo-id-media-001-vidio-com.akamaized.net	regional	sg
geolocation.onetrust.com	regional	us
geraldoatlarge.com	global	-
getblueshift.com	regional	eu
gitv.cn	global	-
gitv.tv	global	-
global.ssl.fastly.net	global	-
glxplay.io	regional	sg
gmossp-sp.jp	global	-
go-disneyworldgo.com	global	-
go-mpulse.net	regional	ca
go.com	global	-
gooddaychicago.com	global	-
gorin.jp	regional	jp
grafolio.com	global	-
graph-fallback.instagram.com	global	-
graph.instagram.com	global	-
grpc.biliapi.net	regional	hk
gstore.val.manlaxy.com	global	-
guanggaoad.youku.com	global	-
gyao.yahoo.co.jp	regional	jp
h-adashx.ut.youku.com	global	-
hamifans.emome.net	regional	tw
hamivideo.hinet.net	regional	tw
haowu.link	global	-
happyon.jp	regional	jp
hayabusa.dev	global	-
hayabusa.io	regional	jp
hayabusa.media	regional	jp
hbo-europe.com	global	-
hbo.ba	global	-
hbo.bg	global	-
hbo.com	regional	sa
hbo.com.c.footprint.net	global	-
hbo.com.edgesuite.net	global	-
hbo.cz	global	-
hbo.eu	global	-
hbo.hr	global	-
hbo.hu	global	-
hbo.map.fastly.net	global	-
hbo.me	global	-
hbo.mk	global	-
hbo.pl	global	-
hbo.ro	global	-
hbo.rs	global	-
hbo.sk	global	-
hboaccess.com	global	-
hboarchives.com	global	-
hboasia.com	global	-
hboasia1-i.akamaihd.net	regional	sg
hboasia2-i.akamaihd.net	regional	sg
hboasia3-i.akamaihd.net	regional	sg
hboasia4-i.akamaihd.net	regional	sg
hboasia5-i.akamaihd.net	regional	sg
hboasialive.akamaized.net	regional	sg
hboenterprises.com	global	-
hboespana.com	global	-
hbogo.co.th	regional	sg
hbogo.com	regional	sa
hbogo.cz	global	-
hbogo.eu	global	-
hbogo.hu	global	-
hbogo.sk	global	-
hbogoasia.com	regional	sg
hbogoasia.hk	regional	sg
hbogoasia.id	regional	sg
hbogoasia.my	regional	sg
hbogoasia.ph	regional	sg
hbogoasia.sg	regional	sg
hbogoasia.tw	regional	sg
hbogoprod-vod.akamaized.net	regional	sg
hboinflight.com	global	-
hbolacontent.net	global	-
hbolaunchpad.com	global	-
hbolb.onwardsmg.com	regional	sg
hbomailman.com	global	-
hbomax-images.warnermediacdn.com	global	-
hbomax.com	regional	sa
hbomax.eu	global	-
hbomaxcdn.com	regional	sa
hbomaxdash.s.llnwi.net	global	-
hbomediarelations.com	global	-
hbonordic.com	global	-
hbonordic.tv	global	-
hbonow.com	regional	sa
hboportugal.com	global	-
hboprod.com	global	-
hbospain.com	global	-
hbotvsales.com	global	-
hbounify-prod.evergent.com	regional	sg
hdslb.com	global	-
hdslb.org	global	-
heads-ak-spotify-com.akamaized.net	global	-
heads4-ak-spotify-com.akamaized.net	global	-
hinet.net	regional	tw
hjholdings.jp	regional	jp
hkatv.com	regional	hk
hkatv.vip	regional	hk
hls-amt.itunes.apple.com	global	-
hls-hamivideo.cdn.hinet.net	regional	tw
hls.itunes.apple.com	global	-
homebox.com	global	-
homeboxoffice.com	global	-
hongkongdisneyland.com	global	-
hooloo.tv	global	-
hoolu.com	global	-
hoolu.tv	global	-
host.livekit.cloud	global	-
hotstar-cdn.net	global	-
hotstar-labs.com	global	-
hotstar.com	global	-
hotstarext.com	global	-
hoy.tv	regional	hk
hsprepack.akamaized.net	global	-
hu1u.com	global	-
huasheng.cn	global	-
huloo.cc	global	-
huloo.tv	global	-
hulu.com	regional	us
hulu.hb.omtrdc.net	regional	us
hulu.jp	regional	jp
hulu.playback.edge.bamgrid.com	global	-
hulu.sc.omtrdc.net	regional	us
hulu.tv	global	-
hulu.us	global	-
huluaction.com	global	-
huluad.com	regional	us
huluapp.com	global	-
huluasks.com	global	-
hulucall.com	global	-
hulufree.com	global	-
hulugans.com	global	-
hulugermany.com	global	-
hulugo.com	global	-
huluim.com	global	-
huluinstantmessenger.com	global	-
huluitaly.com	global	-
hulunet.com	global	-
hulunetwork.com	global	-
huluplus.com	global	-
hulupremium.com	global	-
hulupurchase.com	global	-
huluqa.com	regional	us
hulurussia.com	global	-
huluspain.com	global	-
hulusports.com	global	-
hulustream.com	regional	us
huluteam.com	global	-
hulutv.com	global	-
huluusa.com	global	-
i-mobile.co.jp	global	-
i-viaplay-com.akamaized.net	regional	eu
iadmat.nosdn.127.net	global	-
iadmatapk.nosdn.127.net	global	-
iadmusicmat.music.126.net	global	-
iadmusicmatvideo.music.126.net	global	-
ibkstore.com	global	-
ibytedtos.com	global	-
icourse163.org	global	-
id.zaq.ne.jp	regional	jp
if.lemino.docomo.ne.jp	regional	jp
ifacelog.iqiyi.com	global	-
ig.me	global	-
igcdn.com	global	-
igsonar.com	global	-
igtv.com	global	-
im-apps.net	global	-
im9.com	global	-
images-eu.ssl-images-amazon.com	global	-
images-fe.ssl-images-amazon.com	global	-
images-na.ssl-images-amazon.com	global	-
img.vm-movie.jp	regional	jp
imggaming.com	regional	au
imggaming.s3-eu-west-1.amazonaws.com	global	-
impact-ad.jp	global	-
imstagram.com	global	-
imtagram.com	global	-
ind.sh	global	-
indazn.com	global	-
indaznlab.com	global	-
india.com	global	-
indiancolleges.com	global	-
infinity-c12.youboranqs01.com	regional	tw
infinity-c15.youboranqs01.com	regional	hk
instaadder.com	global	-
instachecker.com	global	-
instafallow.com	global	-
instafollower.com	global	-
instagainer.com	global	-
instagda.com	global	-
instagify.com	global	-
instagmania.com	global	-
instagor.com	global	-
instagram-brand.com	global	-
instagram-engineering.com	global	-
instagram-help.com	global	-
instagram-press.com	global	-
instagram-press.net	global	-
instagram.com	global	-
instagramci.com	global	-
instagramcn.com	global	-
instagramdi.com	global	-
instagramhashtags.net	global	-
instagramhilecim.com	global	-
instagramhilesi.org	global	-
instagramium.com	global	-
instagramizlenme.com	global	-
instagramkusu.com	global	-
instagramlogin.com	global	-
instagramm.com	global	-
instagramn.com	global	-
instagrampartners.com	global	-
instagramphoto.com	global	-
instagramq.com	global	-
instagramsepeti.com	global	-
instagramtakipcisatinal.net	global	-
instagramtakiphilesi.com	global	-
instagramtips.com	global	-
instagramtr.com	global	-
instagran.com	global	-
instagranm.com	global	-
instagrem.com	global	-
instagrm.com	global	-
instagtram.com	global	-
instagy.com	global	-
instamgram.com	global	-
instangram.com	global	-
instanttelegram.com	global	-
instaplayer.net	global	-
instastyle.tv	global	-
instgram.com	global	-
intagram.com	global	-
intagrm.com	global	-
intgram.com	global	-
ipstatp.com	global	-
iq.com	global	-
iqiyi.com	global	-
iqiyi.demo.uwp	global	-
iqiyiedge.com	global	-
iqiyiedge.net	global	-
iqiyipic.com	global	-
itripto.com	global	-
itv-hub.cdn-v3.conductrics.com	regional	uk
itv.com	regional	uk
itvdotcom.2cnt.net	regional	uk
itvpnp.live.ott.irdeto.com	regional	uk
itvpnpmobile-a.akamaihd.net	regional	eu
itvstatic.com	regional	uk
iview.abc.net.au	regional	au
jiangbing.cn	global	-
joeswall.com	global	-
joinmaidez.com	global	-
joyn.de	regional	eu
jtbc.co.kr	regional	kr
jtvnw.net	global	-
jujutsuphanpara.jp	regional	jp
jwpcdn.com	regional	hk
jwplayer.com	regional	hk
kada.com	global	-
kaltura.com	regional	sg
kayosports.com.au	regional	au
kbs.co.kr	regional	kr
kddi-video.com	regional	jp
kfs.io	regional	tw
kicu.tv	global	-
kilmeadeandfriends.com	global	-
kingstagram.com	global	-
kkbox.com	regional	tw
kkbox.com.tw	regional	tw
kktv-theater.kk.stream	regional	tw
kktv.com.tw	regional	tw
kktv.me	regional	tw
kocowa.com	regional	us
konosubafd.jp	regional	jp
ktvu.com	global	-
kumiao.com	global	-
ladsp.com	global	-
lf126.net	global	-
lf127.net	global	-
lgcscc-hamivideo2.cdn.hinet.net	regional	tw
lifeatspotify.com	global	-
lin.ee	regional	tw
line-apps-beta.com	global	-
line-apps-rc.com	global	-
line-apps.com	regional	tw
line-beta.me	global	-
line-cdn.net	regional	tw
line-scdn.net	regional	tw
line.biz	global	-
line.me	regional	tw
line.naver.jp	regional	tw
linear-abematv.akamaized.net	regional	jp
linecorp.com	global	-
linefriends.com	global	-
linefriends.com.tw	global	-
linegame.jp	global	-
linemobile.com	global	-
linemyshop.com	global	-
lineshoppingseller.com	global	-
linetv.tw	regional	tw
link.theplatform.com	regional	us
lion-nba-msl.akamaized.net	regional	us
litix.io	regional	eu
litv.tv	regional	tw
litvfreemobile-hichannel.cdn.hinet.net	regional	tw
litvfreepc.akamaized.net	global	-
live-video.net	global	-
live01-stan.akamaized.net	regional	au
live02-stan.akamaized.net	regional	au
livestream-cdn.9vms.com.au	regional	au
llama.com	global	-
lnstagram-help.com	global	-
lofter.com	global	-
lstat.youku.com	global	-
lucasfilm.com	global	-
lv.queniujq.cn	global	-
mainserver.567852.xyz	regional	hk
maoer.com	global	-
maoercdn.com	global	-
marvel.com	global	-
marvel10thanniversary.com	global	-
marveldimensionofheroes.com	global	-
marvelparty.net	global	-
marvelpinball.com	global	-
marvelsdoubleagent.com	global	-
marvelspotlightplays.com	global	-
marvelsuperheroseptember.com	global	-
marvelsuperwar.com	global	-
maskedsingerfox.com	global	-
max.com	regional	hk
maxgo.com	regional	sa
mbc.net	regional	sg
mbdlog.iqiyi.com	global	-
media-shield.live.eurosport.map.fastly.net	regional	eu
mediapolisvod.rai.it	regional	eu
megogo.net	regional	eu
meovse.com	regional	tw
meta.ai	global	-
mewatch.sg	regional	sg
mgd0ee5iankkv3gidl14rm7c0.litix.io	regional	au
mi9.com.au	regional	au
mi9cdn.com	regional	au
mickey.tv	global	-
microad.co.jp	global	-
microad.jp	global	-
mincdn.com	global	-
missevan.com	global	-
mobile-collector.newrelic.com	regional	eu
mobileanalytics.us-east-1.amazonaws.com	regional	hk
mobilelive-hamivideo.cdn.hinet.net	regional	tw
mobilemsg.youku.com	global	-
modoo.at	global	-
molotov.tv	regional	eu
mora.jp	regional	jp
movenetworks.com	regional	us
movetv.com	regional	us
moviesanywhere.com	global	-
msg.video.qiyi.com	global	-
msg.youku.com	global	-
msg2.video.qiyi.com	global	-
msh.amazon.co.uk	global	-
mtg-api.com	regional	eu
muscdn.com	global	-
mushymush.tv	global	-
music-book.jp	regional	jp
music.126.net	global	-
music.163.com	global	-
music.jp	regional	jp
musical.ly	global	-
mxplayer.in	regional	sg
my13la.com	global	-
my20dc.com	global	-
my20houston.com	global	-
my29tv.com	global	-
my45.com	global	-
my9nj.com	global	-
myfoxatlanta.com	global	-
myfoxaustin.com	global	-
myfoxboston.com	global	-
myfoxcharlotte.com	global	-
myfoxchicago.com	global	-
myfoxdc.com	global	-
myfoxdetroit.com	global	-
myfoxdfw.com	global	-
myfoxhouston.com	global	-
myfoxhurricane.com	global	-
myfoxla.com	global	-
myfoxlosangeles.com	global	-
myfoxlubbock.com	global	-
myfoxmaine.com	global	-
myfoxny.com	global	-
myfoxorlando.com	global	-
myfoxphilly.com	global	-
myfoxphoenix.com	global	-
myfoxsanfran.com	global	-
myfoxtampa.com	global	-
myfoxtampabay.com	global	-
myfoxtwincities.com	global	-
myfoxzone.com	global	-
myhulu.com	global	-
myq2.com	global	-
mytv.vn	regional	sg
mytvb.livednow.us.kg	regional	hk
mytvsuper.com	regional	hk
mytvsuper.com.mp	regional	hk
mytvsuper.us.kg	regional	hk
mytvsuperlimited.hb.omtrdc.net	regional	hk
mytvsuperlimited.sc.omtrdc.net	regional	hk
myvideo.net.tw	regional	tw
natgeomaps.com	global	-
nationalgeographic.com	global	-
nationalgeographicpartners.com	global	-
naver.com	regional	kr
naver.com.akadns.net	regional	kr
naver.jp	global	-
naver.me	global	-
naver.net	global	-
naverads.com	global	-
naverads.com.akadns.net	global	-
navercloudcorp.com	global	-
navercorp.com	regional	kr
naverfincorp.com	global	-
naverlabs.com	global	-
naverncp.com	global	-
nba-api-cdn.opin.media	regional	us
nba.com	regional	us
nbaapi.neulion.com	regional	us
nbanlds19vod.akamaized.net	regional	us
nbaprop.sc.omtrdc.net	regional	us
nbaprop.tt.omtrdc.net	regional	us
ncloud.com	global	-
nease.net	global	-
neigbuy.com	global	-
neontv.co.nz	regional	au
net10-livestream-keys.play.cbsi.video	regional	au
net10-livestream.play.cbsi.video	regional	au
netease-inc.com	global	-
netease.com	global	-
netease.im	global	-
netflix.ca	global	-
netflix.com	global	-
netflix.com.edgesuite.net	global	-
netflix.net	global	-
netflixdnstest0.com	global	-
netflixdnstest1.com	global	-
netflixdnstest10.com	global	-
netflixdnstest2.com	global	-
netflixdnstest3.com	global	-
netflixdnstest4.com	global	-
netflixdnstest5.com	global	-
netflixdnstest6.com	global	-
netflixdnstest7.com	global	-
netflixdnstest8.com	global	-
netflixdnstest9.com	global	-
netflixinvestor.com	global	-
netflixtechblog.com	global	-
netstatic.net	global	-
neulion-a.akamaihd.net	regional	us
neulion.com	regional	us
neulionqos-a.akamaihd.net	regional	us
newsnowfox.com	global	-
nfl.com	regional	us
nflxext.com	global	-
nflximg.com	global	-
nflximg.net	global	-
nflxsearch.net	global	-
nflxso.net	global	-
nflxvideo.net	global	-
ngeo.com	global	-
nheos.com	global	-
nhk.jp	regional	jp
nhk.or.jp	regional	jp
nhkworld.jp	global	-
nhncorp.jp	global	-
nicodic.jp	global	-
nicomanga.jp	global	-
niconico.com	regional	jp
nicoseiga.jp	global	-
nicovideo.jp	regional	jp
nimg.jp	regional	jp
nine.com.au	regional	au
nineentertainment.com.au	regional	au
nineentertainmentco.com.au	regional	au
ninemediaroom.com.au	regional	au
ninemsn.com.au	regional	au
nlnbamdnyc-a.akamaihd.net	regional	us
nlnbaqos.neulion.com	regional	us
nomadlandmovie.ch	global	-
now-tv.com	regional	hk
now.com	regional	hk
nowe.com	regional	hk
nowestatic.com	regional	hk
np-edge.itunes.apple.com	global	-
npaw.com	regional	sg
npc-live-sevennetwork.akamaized.net	regional	au
npo.nl	regional	eu
ntd-tgc.cdn.hinet.net	regional	tw
ntdfreemobile-tgc.cdn.hinet.net	regional	tw
ntdfreepc-tgc.cdn.hinet.net	regional	tw
ntdfreetv-tgc.cdn.hinet.net	regional	tw
ntdfreevcpc-tgc.cdn.hinet.net	regional	tw
ntdofifreemobile-tgc.cdn.hinet.net	regional	tw
ntdofifreepc-tgc.cdn.hinet.net	regional	tw
ntdofifreetv-tgc.cdn.hinet.net	regional	tw
ntdofifreevcpc-tgc.cdn.hinet.net	regional	tw
nxtv.jp	regional	jp
o33249.ingest.sentry.io	global	-
oaistatic.com	ai	-
oaistatsig.com	global	-
oaiusercontent.com	ai	-
ofiii.com	regional	tw
ols-ww100-cp.akamaized.net	regional	tw
oncars.in	global	-
onead.com.tw	regional	tw
oninstagram.com	global	-
online-instagram.com	global	-
onlineinstagram.com	global	-
openai.com	ai	-
openai.com.cdn.cloudflare.net	ai	-
openai.qualtrics.com	ai	-
openaiapi-site.azureedge.net	ai	-
openaiassets.blob.core.windows.net	ai	-
openaicom-api-bdcpf8c6d2e9atf6.z01.azurefd.net	ai	-
openaicom.imgix.net	ai	-
openaicomproductionae4b.blob.core.windows.net	ai	-
optus.com.au	regional	au
optusdigital.com	regional	au
optusnet.com.au	regional	au
optussport.tv	regional	au
optusvideo.tv	regional	au
originalhulu.com	global	-
orlandohurricane.com	global	-
oth.eve.mdt.qq.com	regional	tw
oth.str.mdt.qq.com	regional	tw
p-9now.akamaized.net	regional	au
p-bstarstatic.akamaized.net	global	-
p-log.ykimg.com	global	-
p-smith.com	regional	jp
p16-tiktokcdn-com.akamaized.net	global	-
pandalive.co.kr	regional	kr
paradisehotelquizfox.com	global	-
paramountplus.com	regional	us
paravi.jp	regional	jp
passport-log.youku.com	global	-
payhulu.com	global	-
peacock.com	regional	us
peacocktv.com	regional	us
philo.com	regional	us
pik.goog	regional	tw
pixar.com	global	-
pl.youku.com	global	-
play-edge.itunes.apple.com	global	-
playartifact.com	global	-
playmation.com	global	-
plug.game	global	-
pluto.tv	regional	us
plutotv.net	global	-
pndsn.com	regional	au
policy.video.iqiyi.com	global	-
polyfill.io	regional	tw
pooq.co.kr	regional	kr
pooq3-static-json.pooq.co.kr	regional	kr
popcornflix-prod.cloud.seachange.com	regional	us
popcornflix.com	regional	us
pplusstatic.com	regional	us
pps.tv	global	-
ppsimg.com	global	-
ppstream.cn	global	-
ppstream.com	global	-
ppstream.com.cn	global	-
ppstream.net	global	-
ppstream.net.cn	global	-
ppsurl.com	global	-
prepsure.com	global	-
prime-video.com	global	-
primevideo.cc	global	-
primevideo.com	global	-
primevideo.info	global	-
primevideo.org	global	-
primevideo.tv	global	-
prismlive.com	global	-
prod-skyonelive.akamaized.net	regional	au
prod.hjholdings.tv	regional	jp
prod.service.minerva.devices.a2z.com	global	-
production-openaicom-storage.azureedge.net	ai	-
pscdn.co	global	-
pstatic.net	regional	kr
pv-cdn.net	global	-
pvr-hamivideo.cdn.hinet.net	regional	tw
q13.com	global	-
q13fox.com	global	-
qiyi.cn	global	-
qiyi.com	global	-
qiyipic.com	global	-
qiyukf.com	global	-
qiyukf.net	global	-
qiyukf.net.cn	global	-
qy.com	global	-
qy.net	global	-
radiko-cf.com	regional	jp
radiko.jp	regional	jp
radionikkei.jp	regional	jp
rakuten.co.jp	regional	jp
rakuten.tv	regional	eu
realamericanstories.com	global	-
realamericanstories.info	global	-
realamericanstories.net	global	-
realamericanstories.org	global	-
realamericanstories.tv	global	-
realmilwaukeenow.com	global	-
redbyhbo.com	global	-
redd.it	global	-
reddit.app.link	global	-
reddit.com	global	-
reddit.map.fastly.net	global	-
redditblog.com	global	-
reddithelp.com	global	-
redditinc.com	global	-
redditmail.com	global	-
redditmedia.com	global	-
redditspace.com	global	-
redditstatic.com	global	-
redditstatus.com	global	-
registerhulu.com	global	-
roovza-launches.appsflyersdk.com	global	-
roovza.inapps.appsflyersdk.com	global	-
roovza.launches.appsflyersdk.com	global	-
roovza.skadsdk.appsflyersdk.com	global	-
rprimelab.com	global	-
s-adashx.ut.youku.com	global	-
s.team	global	-
salto.fr	regional	eu
sbs-live-dai.akamaized.net	regional	au
sbs-live-prod-01.akamaized.net	regional	au
sbs-live.akamaized.net	regional	au
sbs-vod-dai-prod-01.akamaized.net	regional	au
sbs-vod-prod-01.akamaized.net	regional	au
sbs.com.au	regional	au
sbsod.com	regional	au
sbsvoddai-vh.akamaihd.net	regional	au
sbsvodns-vh.akamaihd.net	regional	au
scc-hamivideo.cdn.hinet.net	regional	tw
scc.ott.hinet.net	regional	tw
scdn.co	global	-
screens-lab.jp	regional	jp
scvm1sc0-ssm.anycast.nagra.com	regional	sg
sdk.iad-03.braze.com	regional	us
searchlightpictures.com	global	-
sentry.music.163.com	global	-
servd-anthropic-website.b-cdn.net	ai	-
setantasports.com	global	-
seven.demdex.net	regional	au
shahid.net	regional	sg
shanghaidisneyresort.com	global	-
sho.com	regional	us
shopdisney.com	global	-
shops-disney.com	global	-
shopspeedtv.com	global	-
showtime.com	regional	us
showtimeanytime.com	regional	us
shudder.com	regional	us
simg.jp	global	-
sky.ch	regional	eu
sky.co.nz	regional	au
sky.com	regional	eu
sky.de	regional	eu
skyassets.com	global	-
skyking.com.tw	regional	tw
skymansion.net	global	-
skyoceanrescue.com	global	-
skyoceanrescue.de	global	-
skyoceanrescue.it	global	-
skyshowtime.com	regional	eu
skyshowtimeuk.data.adobedc.net	regional	eu
skysportnow.co.nz	regional	au
skysports.com	global	-
skysports.fr	global	-
skysports.ie	global	-
skysportsonline.com	global	-
skysportsracing.com	global	-
sling.com	regional	us
slinginternational.com	regional	us
smartmediarep.com	regional	kr
smartstream.ne.jp	regional	jp
snow.me	global	-
snowcorp.com	global	-
soccermatchpass.com	global	-
socdm.com	global	-
soku.com	global	-
solocoo.tv	regional	sg
sooka.my	regional	sg
sora.com	ai	-
sorcerersarena.com	global	-
spaindisney.com	global	-
speeddreamride.com	global	-
speedfantasybid.com	global	-
speedracegear.com	global	-
speedxtra.com	global	-
spoti.fi	global	-
spotify-everywhere.com	global	-
spotify.com	global	-
spotify.com.edgesuite.net	global	-
spotify.design	global	-
spotify.link	global	-
spotify.map.fastly.net	global	-
spotify.map.fastlylb.net	global	-
spotifycdn.com	global	-
spotifycdn.net	global	-
spotifycharts.com	global	-
spotifycodes.com	global	-
spotifyforbrands.com	global	-
spotifyforvendors.com	global	-
spotifyjobs.com	global	-
st.dl.bscstorage.net	global	-
st.dl.eccdnx.com	global	-
st.dl.pinyuncloud.com	global	-
stan.com.au	regional	au
stan.video	regional	au
star-brasil.com	global	-
star-latam.com	global	-
starhubgo.com	regional	sg
starhubtvplus.com	regional	sg
starott.com	global	-
starplus.com	global	-
starwars.com	global	-
starwarsgalacticstarcruiser.com	global	-
starwarskids.com	global	-
starz.com	regional	us
stat.youku.com	global	-
static-hamivideo.cdn.hinet.net	regional	tw
static.siege-amazon.com	global	-
static163.net	global	-
static9.net.au	regional	au
statis.api.3g.youku.com	global	-
steam-api.com	global	-
steam-chat.com	global	-
steam.apac.qtlglb.com	global	-
steam.cdn.on.net	global	-
steam.cdn.orcon.net.nz	global	-
steam.cdn.slingshot.co.nz	global	-
steam.cdn.webra.ru	global	-
steam.eca.qtlglb.com	global	-
steam.naeu.qtlglb.com	global	-
steam.ru.qtlglb.com	global	-
steam.tv	global	-
steambroadcast.akamaized.net	global	-
steamcdn-a.akamaihd.net	global	-
steamchina.com	global	-
steamcloudsweden.blob.core.windows.net	global	-
steamcommunity-a.akamaihd.net	global	-
steamcommunity-a.akamaihd.net.edgesuite.net	global	-
steamcommunity.com	global	-
steamconnecttest.com	global	-
steamcontent.com	global	-
steamdeck.com	global	-
steamgames.com	global	-
steammobile.akamaized.net	global	-
steampipe-kr.akamaized.net	global	-
steampipe-partner.akamaized.net	global	-
steampipe.akamaized.net	global	-
steampowered.com	global	-
steampowered.com.8686c.com	global	-
steamserver.net	global	-
steamstatic.com	global	-
steamstatic.com.8686c.com	global	-
steamstore-a.akamaihd.net	global	-
steamugcquincy.blob.core.windows.net	global	-
steamusercontent-a.akamaihd.net	global	-
steamusercontent.com	global	-
steamuserimages-a.akamaihd.net	global	-
steamvideo-a.akamaihd.net	global	-
streaks.jp	regional	jp
stream.ne.jp	regional	jp
streamcoimg-a.akamaihd.net	regional	au
streamingdisney.net	global	-
streamotion.com.au	regional	au
studiolico.com	global	-
studioncorp.com	global	-
suike.cn	global	-
t.ssp.hinet.net	regional	tw
tataplay.com	regional	sg
teenchoice.com	global	-
telasa.jp	regional	jp
testonfox.com	global	-
tglmp03.akamaized.net	regional	sg
theater-kktv.cdn.hinet.net	regional	tw
theclasshroom.com	global	-
thefoxnation.com	global	-
thegeorgiascene.com	global	-
thehealthsite.com	global	-
thehulubraintrust.com	global	-
theinstagramhack.com	global	-
themarvelexperiencetour.com	global	-
theplatform.com	regional	us
thestationbymaker.com	global	-
thewaltdisneycompany.com	global	-
thisispolaris.com	global	-
thumbnail-hamivideo.cdn.hinet.net	regional	tw
tik-tokapi.com	global	-
tiktok-minis.com	global	-
tiktok-row.net	global	-
tiktok.com	global	-
tiktokcdn-eu.com	global	-
tiktokcdn-us.com	global	-
tiktokcdn-us.com.edgesuite.net	global	-
tiktokcdn.com	global	-
tiktokcdn.com.akamaized.net	global	-
tiktokcdn.com.edgesuite.net	global	-
tiktokd.net	global	-
tiktokd.org	global	-
tiktokeu-cdn.com	global	-
tiktokglobalshopv.com	global	-
tiktokminis.us	global	-
tiktokrow-cdn.com	global	-
tiktokv.com	global	-
tiktokv.com.edgekey.net	global	-
tiktokv.com.edgesuite.net	global	-
tiktokv.eu	global	-
tiktokv.us	global	-
tiktokw.eu	global	-
tiktokw.us	global	-
tlmr-hamivideo2.cdn.hinet.net	regional	tw
tls1.yospace.com	regional	au
today.line.me	regional	tw
tokyodisneyresort.jp	global	-
tospotify.com	global	-
tra-ww000-cp.akamaized.net	global	-
tra-www000-cp.akamaized.net	regional	sg
trueid.net	regional	sg
ttcdn-us.com	global	-
ttlivecdn.com	global	-
ttoverseaus.net	global	-
ttvnw.net	global	-
ttwstatic.com	global	-
tubi.io	global	-
tubi.tv	global	-
tubi.video	global	-
tubitv.com	regional	us
tudou.com	global	-
turn.livekit.cloud	global	-
tv.apple.com	global	-
tv.applemusic.com	global	-
tvb.com	regional	hk
tvb.com.au	regional	hk
tvbanywhere.com	regional	hk
tvbanywhere.com.sg	regional	hk
tvbc.com.cn	regional	hk
tvbeventpower.com.hk	regional	hk
tvbtracking.azurewebsites.net	regional	hk
tvbusa.com	regional	hk
tvbweekly.com	regional	hk
tvcastlive-hamivideo.cdn.hinet.net	regional	tw
tver.co.jp	regional	jp
tver.jp	regional	jp
tving.com	regional	kr
tvmedia.net.au	regional	hk
tw.tv.yahoo.com	regional	tw
tw.yahoo.com	regional	tw
twitch.tv	global	-
twitchcdn.net	global	-
twitchcon.com	global	-
twitchsvc.net	global	-
underlords.com	global	-
unext-info.jp	regional	jp
unext.co.jp	regional	jp
unext.jp	regional	jp
updream.cn	global	-
upos-bstar-mirrorakam.akamaized.net	global	-
upos-bstar1-mirrorakam.akamaized.net	global	-
upos-hz-mirrorakam.akamaized.net	regional	tw
upos-sz-mirroralibstar1.bilivideo.com	regional	hk
upos-sz-mirrorcosbstar1.bilivideo.com	regional	hk
uts-api.itunes.apple.com	global	-
ux1kpaebv0.execute-api.eu-west-1.amazonaws.com	global	-
v6-adashx.ut.youku.com	global	-
valve.net	global	-
valvesoftware.com	global	-
vcdn.biz	regional	eu
vday.io	global	-
ve-dash-uk-live.akamaized.net	global	-
ve-uhd-push-uk-live.akamaized.net	global	-
viaplay.com	regional	eu
viaplay.pl	regional	eu
video-api.yql.yahoo.com	regional	tw
video.a2z.com	global	-
video.friday.tw	regional	tw
videocdn-sbs.akamaized.net	regional	au
videoland.com	regional	eu
videomarket.jp	regional	jp
videopass.jp	regional	jp
videos-f.jwpsrv.com	regional	hk
viu.com	regional	hk
viu.now.com	regional	hk
viu.tv	regional	hk
vmdash-cenc.akamaized.net	regional	jp
vod-abematv.akamaized.net	regional	jp
vod-dash-ntham-comm-live.akamaized.net	regional	eu
vod-dash-ntham-comm.live.cf.md.bbci.co.uk	regional	eu
vod-dash-uk-live.akamaized.net	regional	uk
vod-dash-ww-live.akamaized.net	regional	eu
vod-hls-ntham-comm-live.akamaized.net	regional	eu
vod-hls-ntham-comm.live.cf.md.bbci.co.uk	regional	eu
vod-hls-uk-live.akamaized.net	regional	eu
vod-playout-abematv.akamaized.net	regional	jp
vod-sub-uk-live.akamaized.net	regional	eu
vod-thumb-uk-live.akamaized.net	regional	uk
vod-thumb-ww-live.akamaized.net	regional	eu
vop-yahoo.akamaized.net	regional	tw
vrv.co	regional	us
vs-cmaf-push-uk-live.akamaized.net	regional	eu
vs-cmaf-pushb-ww-live.akamaized.net	global	-
vs-hls-push-uk-live.akamaized.net	global	-
vs-hls-pushb-uk-live.akamaized.net	global	-
waltdisneystudios.com	global	-
watchdisneyfe.com	global	-
watchespn.com	regional	us
watchnba.cdnfastly.endeavorstreaming.net	regional	us
wattpad.com	global	-
wavve.com	regional	kr
web-instagram.net	global	-
weblive-hamivideo.cdn.hinet.net	regional	tw
weblivea-hamivideo.cdn.hinet.net	regional	tw
webtoons.com	global	-
webtoonscorp.com	global	-
webvodad-hamivideo.cdn.hinet.net	regional	tw
weiyang.cn	global	-
wetv.acc.qq.com	regional	tw
wetv.vip	regional	tw
wetvinfo.com	regional	tw
whatthefox.com	global	-
whosthehost.com	global	-
winticket.jp	global	-
wionews.com	global	-
wmsjsteam.com	global	-
wofl.tv	global	-
woflthenewsstation.com	global	-
wogx.com	global	-
worksmobile.com	global	-
worldflipper.jp	regional	jp
wowow.co.jp	regional	jp
www.bilibili.com	regional	hk
wwwhuluplus.com	global	-
wwwinstagram.com	global	-
x-default-stgec.uplynk.com	regional	eu
x-live-fox-stgec.uplynk.com	regional	us
xz.pphimalayanrt.com	global	-
yahoovod.hs.llnwd.net	regional	tw
yb.uncn.jp	regional	jp
ydstatic.com	global	-
yeah.net	global	-
yep.video.yahoo.com	regional	tw
yjwujian.cn	global	-
yk-ssp.ad.youku.com	global	-
ykad-data.youku.com	global	-
ykimg.alicdn.com	global	-
ykimg.com	global	-
yo1health.com	global	-
yo9.com	global	-
yospace.com	regional	uk
youboranqs01.com	regional	hk
youdao.com	global	-
youdaoads.com	global	-
youku.com	global	-
youku.tv	global	-
youkuhonor.com	global	-
youkuplay.com	global	-
yourtv.com.au	regional	au
yunxindns.com	global	-
yunxinfw.com	global	-
yysls.cn	global	-
zahs.tv	regional	eu
zdf.de	regional	eu
zee.com	global	-
zee5.com	regional	sg
zeebiz.com	global	-
zeeentertainment.com	global	-
zeenews-fonts.s3.amazonaws.com	global	-
zeenews.com	global	-
zhuanzfx.com	global	-
