# domain-region.map — unlock-center classified domains
# format: domain<TAB>class<TAB>region
# class: global | regional | ai
# region: area id or - for global/ai
# generated entries: 643 (global=98 regional=536 ai=9)
0c86e2d1-madman-com-au.akamaized.net	regional	au
10.com.au	regional	au
10play.com.au	regional	au
1fad96d91f4f519fc79753650a57dad992c44af2.cws.conviva.com	regional	sg
1ok961aaca.execute-api.eu-west-1.amazonaws.com	global	-
44wilhpljf.execute-api.ap-southeast-1.amazonaws.com	regional	sg
4ac1dd56e493354be504f063e4ae3440a13c6776.cws.conviva.com	regional	eu
4gtv.tv	regional	tw
4gtvfreepc-cds.cdn.hinet.net	regional	tw
4gtvfreepcvod-cds.cdn.hinet.net	regional	tw
4gtvpc-cds.cdn.hinet.net	regional	tw
4gtvpcvod-cds.cdn.hinet.net	regional	tw
567852.xyz	regional	hk
5a929471-madman-com-au.akamaized.net	regional	au
71.am	global	-
71.am.com	global	-
71edge.com	global	-
71edge.net	global	-
7plus-sevennetwork.akamaized.net	regional	au
7plus.com.au	regional	au
879ed873-madman-com-au.akamaized.net	regional	au
93e30b04-drm-widevine-licensing.axprod.net	regional	au
9c9media.com	regional	ca
9cdn.net	regional	au
9nation.com.au	regional	au
9news.com.au	regional	au
9now-livestreams-hd-t.akamaized.net	regional	au
9now-livestreams.akamaized.net	regional	au
9now.com.au	regional	au
a753.w10.akamai.net	regional	uk
abc-iview-mediapackagestreams-2.akamaized.net	regional	au
abema-tv.com	regional	jp
abema.adx.promo	regional	jp
abema.io	regional	jp
abema.tv	regional	jp
acorn.tv	regional	us
aetv.com	regional	us
afreecatv.com	regional	kr
aianno.cn	global	-
aianno.com	global	-
aiqiyicloud-mgmt.com	global	-
aiqiyicloud.com	global	-
aiqiyicloud.net	global	-
airspace-cdn.cbsviedo.com	regional	au
ais-vidnt.com	regional	sg
aisplay.ais.co.th	regional	sg
aiv-cdn.net	global	-
aiv-delivery.net	global	-
aka03p.akamaized.net	regional	tw
akamai.prod-live.h264.io	regional	eu
amazonvideo.com	global	-
ameba.jp	regional	jp
amediateka.ru	regional	eu
amnet.tw	regional	tw
animestore.docomo.ne.jp	regional	jp
anthropic.com	ai	-
aod-dash-uk-live.akamaized.net	regional	uk
aod-hls-uk-live.akamaized.net	regional	uk
api-animefesta.iowl.jp	regional	jp
api.biliapi.com	regional	hk
api.biliapi.net	regional	hk
api.bilibili.com	regional	hk
api.games.umamusume.jp	regional	jp
api.rlje.net	regional	us
app.biliapi.com	regional	hk
app.biliapi.net	regional	hk
app.bilibili.com	regional	hk
as-dash-uk-live.akamaized.net	regional	eu
as-hls-uk-live.akamaized.net	regional	eu
assets.livednow.com	regional	hk
assetshuluimcom-a.akamaihd.net	regional	us
atttvnow.com	regional	us
atv-ext-eu.amazon.com	global	-
atv-ext-fe.amazon.com	global	-
atv-ext.amazon.com	global	-
atv-ps-eu.amazon.co.uk	global	-
atv-ps-eu.amazon.com	global	-
atv-ps-fe.amazon.co.jp	global	-
atv-ps-fe.amazon.com	global	-
atv-ps.amazon.com	global	-
bahamut.com.tw	regional	tw
baiying.com	global	-
bats.video.yahoo.com	regional	tw
bats.yahoodns.net	regional	tw
bbc.co	regional	uk
bbc.co.uk	regional	uk
bbc.com	regional	uk
bbc.in	regional	eu
bbc.net.uk	regional	uk
bbcchinese.com	regional	eu
bbcfmt.hs.llnwd.net	regional	uk
bbcfmt.s.llnwi.net	regional	eu
bbci.co	regional	uk
bbci.co.uk	regional	uk
bbcmedia.co.uk	regional	eu
bbcpersian.com	regional	eu
bbcverticals.com	regional	eu
bcbolt446c5271-a.akamaihd.net	regional	hk
bcbolthboa-a.akamaihd.net	regional	sg
beesport.livednow.com	regional	hk
bidi.net.uk	regional	uk
bigbigchannel.com.hk	regional	hk
bigbigshop.com	regional	hk
bilibili.com	regional	hk
bilibili.tv	regional	hk
bln1.yospace.com	regional	au
boltdns.net	regional	us
bootstrapcdn.com	regional	hk
britbox.com	regional	eu
bucketeer.jp	regional	jp
byteoversea.com	global	-
c.contentsquare.net	regional	uk
c4assets.com	regional	uk
cache.video.iqiyi.com	regional	tw
canalplus.com	regional	eu
catchplay.com	regional	tw
cbc.ca	regional	ca
cbchd1dynamicads-i.akamaihd.net	regional	ca
cbclivedai5-i.akamaihd.net	regional	ca
cbcnewshd-f.akamaihd.net	regional	ca
cbcrcott-gem-key.akamaized.net	regional	ca
cbcrcott-gem.akamaized.net	regional	ca
cbsaavideo.com	regional	us
cbsi.com	regional	us
cbsi.live.ott.irdeto.com	regional	us
cbsivideo.com	regional	us
cbsplaylistserver.aws.syncbak.com	regional	us
cbsservice.aws.syncbak.com	regional	us
ccpa-service.sp-prod.net	regional	us
cdn-euronews-australia.akamaized.net	regional	au
cdn-fox-networks-group-green.akamaized.net	regional	us
cdn.7livecloud.io	regional	au
cdn.hgc.com.hk	regional	hk
cdn.hinet.net	regional	tw
cdn.plyr.io	regional	tw
cdn.registerdisney.go.com	global	-
cdn.tvb.com	regional	hk
channel4.com	regional	uk
channel5.com	regional	eu
chatgpt.com	ai	-
cinemax.com	regional	sa
claude.ai	ai	-
claude.com	ai	-
cliptv.vn	regional	sg
clubdam.com	regional	jp
cognito-identity.us-east-1.amazonaws.com	regional	hk
colorfulpalette.org	regional	jp
console.567852.xyz	regional	hk
content-ause1-ur-discovery1.uplynk.com	regional	eu
content-jiovoot.voot.com	regional	sg
content.jwplatform.com	regional	hk
copilot.microsoft.com	ai	-
coupangplay.com	regional	kr
crackle.com	regional	us
crave.ca	regional	ca
crunchyroll.com	regional	us
cssott.com	regional	eu
cwb.gov.tw	regional	tw
cws-hulu.conviva.com	regional	us
cwtv.com	regional	us
cygames.jp	regional	jp
d151l6v8er5bdm.cloudfront.net	regional	tw
d1k2us671qcoau.cloudfront.net	regional	tw
d1sgwhnao7452x.cloudfront.net	global	-
d1v5ir2lpwr8os.cloudfront.net	regional	tw
d22qjgkvxw22r6.cloudfront.net	regional	tw
d25m2gzplgnf0.cloudfront.net	regional	au
d25xi40x97liuc.cloudfront.net	regional	tw
d27xxe7juh1us6.cloudfront.net	global	-
d2anahhhmp1ffz.cloudfront.net	regional	tw
d2ivmxp5z2ww0n.cloudfront.net	regional	sg
d2lmsumy47c8as.cloudfront.net	regional	jp
d2u3aqiu3i9jpb.cloudfront.net	regional	au
d2yrmv70395w79.cloudfront.net	regional	au
d2z3p34itxwaj7.cloudfront.net	regional	eu
d349g9zuie06uo.cloudfront.net	regional	tw
d3c7rimkq79yfu.cloudfront.net	regional	tw
d3cv4a9a9wh0bt.cloudfront.net	regional	us
d3o7oi00quuwqu.cloudfront.net	global	-
d3rj5p7u4c4icq.cloudfront.net	regional	au
d5m9nd9n1srh4.cloudfront.net	regional	tw
dai3fd1oh325y.cloudfront.net	regional	sg
data-cloudauthoring.magazine.rakuten.co.jp	regional	jp
dazn-api.com	global	-
dazn.com	global	-
dazndn.com	global	-
dcalivedazn.akamaized.net	global	-
dcblivedazn.akamaized.net	global	-
dfp6rglgjqszk.cloudfront.net	regional	tw
dicelaboratory.com	global	-
diceplatform.com	global	-
digiturkplay.com	regional	eu
directvgo.com	regional	sa
disco-api.com	regional	eu
discomax.com	regional	hk
discovery.com	regional	eu
discovery.uplynk.com	regional	eu
discoveryplus.co.uk	regional	eu
discoveryplus.com	regional	eu
discoveryplus.in	regional	in
dishworld.com	regional	us
disney-plus.net	global	-
disney.api.edge.bamgrid.com	global	-
disney.connections.edge.bamgrid.com	global	-
disneynow.com	global	-
disneyplus.com	global	-
disneystreaming.com	global	-
dmc.nico	regional	jp
dmm-extension.com	regional	jp
dmm.co.jp	regional	jp
dmm.com	regional	jp
dmqdd6hw24ucf.cloudfront.net	regional	tw
docker.mytvsuper.us.kg	regional	hk
docplay.com	regional	au
dogatch.jp	regional	jp
ds-linear-abematv.akamaized.net	regional	jp
ds-vod-abematv.akamaized.net	regional	jp
dssott.com	global	-
dt-int-gurme-hls.mncdn.com	regional	eu
dt-live-int.akamaized.net	regional	eu
dtci.co	regional	us
dtci.technology	regional	us
e-hentai.org	global	-
edge.api.brightcove.com	regional	hk
edgeware.tvb.com	regional	hk
edv021asd.freetls.fastly.net	regional	au
encoretvb.com	regional	hk
epix.com	regional	us
espn.api.edge.bamgrid.com	regional	us
espn.co.uk	regional	us
espn.com	regional	us
espn.hb.omtrdc.net	regional	us
espn.net	regional	us
espncdn.com	regional	us
espndotcom.tt.omtrdc.net	regional	us
espnqa.com	regional	us
eu3-prod-images.disco-api.com	regional	eu
eu3-prod.disco-api.com	regional	eu
europe-fastly-mediashield-live-prod.cdn.h264.io	regional	eu
eurosport-dlvr-ott-vod.akamaized.net	regional	eu
eurosport-dlvr-ott.akamaized.net	regional	eu
eurosport.com	regional	eu
eurosport.es	regional	eu
eurosport.fr	regional	eu
eurosport.io	regional	eu
eurosport.ro	regional	eu
eurosport.ru	regional	eu
eurosportplayer.com	regional	eu
exhentai.org	global	-
f1prodlive.akamaized.net	regional	us
failoverstarhub.akamaized.net	regional	sg
ff1be285-madman-com-au.akamaized.net	regional	au
formula1.com	regional	us
forthethrone.com	regional	sa
fox.com	regional	us
foxdcg.com	regional	us
foxsports01-i.akamaihd.net	regional	us
foxsports02-i.akamaihd.net	regional	us
foxsports03-i.akamaihd.net	regional	us
freeviewplus.net.au	regional	au
friday.tw	regional	tw
ftv.com.tw	regional	tw
ftven.fr	regional	eu
fubo.tv	regional	us
fujitv.co.jp	regional	jp
fullscreen.nz	regional	au
funimation.com	regional	sa
funimationsvc.com	regional	au
fxnow.fxnetworks.com	regional	us
gamer-cds.cdn.hinet.net	regional	tw
gamer.com.tw	regional	tw
gamer2-cds.cdn.hinet.net	regional	tw
geo-id-media-001-vidio-com.akamaized.net	regional	sg
geolocation.onetrust.com	regional	us
getblueshift.com	regional	eu
gitv.cn	global	-
gitv.tv	global	-
glxplay.io	regional	sg
go-mpulse.net	regional	ca
gorin.jp	regional	jp
grpc.biliapi.net	regional	hk
gyao.yahoo.co.jp	regional	jp
hamifans.emome.net	regional	tw
hamivideo.hinet.net	regional	tw
happyon.jp	regional	jp
hayabusa.io	regional	jp
hayabusa.media	regional	jp
hbo.com	regional	sa
hboasia1-i.akamaihd.net	regional	sg
hboasia2-i.akamaihd.net	regional	sg
hboasia3-i.akamaihd.net	regional	sg
hboasia4-i.akamaihd.net	regional	sg
hboasia5-i.akamaihd.net	regional	sg
hboasialive.akamaized.net	regional	sg
hbogo.co.th	regional	sg
hbogo.com	regional	sa
hbogoasia.com	regional	sg
hbogoasia.hk	regional	sg
hbogoasia.id	regional	sg
hbogoasia.ph	regional	sg
hbogoasia.sg	regional	sg
hbogoasia.tw	regional	sg
hbogoprod-vod.akamaized.net	regional	sg
hbolb.onwardsmg.com	regional	sg
hbomax.com	regional	sa
hbomaxcdn.com	regional	sa
hbonow.com	regional	sa
hbounify-prod.evergent.com	regional	sg
hinet.net	regional	tw
hjholdings.jp	regional	jp
hkatv.com	regional	hk
hkatv.vip	regional	hk
hotstar.com	global	-
hotstarext.com	global	-
hoy.tv	regional	hk
hulu.com	regional	us
hulu.hb.omtrdc.net	regional	us
hulu.jp	regional	jp
hulu.sc.omtrdc.net	regional	us
huluad.com	regional	us
huluqa.com	regional	us
hulustream.com	regional	us
i-viaplay-com.akamaized.net	regional	eu
ibkstore.com	global	-
ibytedtos.com	global	-
id.zaq.ne.jp	regional	jp
if.lemino.docomo.ne.jp	regional	jp
img.vm-movie.jp	regional	jp
imggaming.com	regional	au
imggaming.s3-eu-west-1.amazonaws.com	global	-
indazn.com	global	-
infinity-c12.youboranqs01.com	regional	tw
infinity-c15.youboranqs01.com	regional	hk
instagram.com	global	-
ipstatp.com	global	-
iq.com	global	-
iqiyi.com	global	-
iqiyi.demo.uwp	global	-
iqiyiedge.com	global	-
iqiyiedge.net	global	-
iqiyipic.com	global	-
itv-hub.cdn-v3.conductrics.com	regional	uk
itv.com	regional	uk
itvdotcom.2cnt.net	regional	uk
itvpnp.live.ott.irdeto.com	regional	uk
itvpnpmobile-a.akamaihd.net	regional	eu
itvstatic.com	regional	uk
iview.abc.net.au	regional	au
jiangbing.cn	global	-
joyn.de	regional	eu
jtbc.co.kr	regional	kr
jujutsuphanpara.jp	regional	jp
jwpcdn.com	regional	hk
jwplayer.com	regional	hk
kaltura.com	regional	sg
kayosports.com.au	regional	au
kbs.co.kr	regional	kr
kddi-video.com	regional	jp
kfs.io	regional	tw
kkbox.com	regional	tw
kkbox.com.tw	regional	tw
kktv-theater.kk.stream	regional	tw
kktv.com.tw	regional	tw
kktv.me	regional	tw
kocowa.com	regional	us
konosubafd.jp	regional	jp
lin.ee	regional	tw
line-apps.com	regional	tw
line-cdn.net	regional	tw
line-scdn.net	regional	tw
line.me	regional	tw
line.naver.jp	regional	tw
linear-abematv.akamaized.net	regional	jp
linetv.tw	regional	tw
link.theplatform.com	regional	us
lion-nba-msl.akamaized.net	regional	us
litix.io	regional	eu
litv.tv	regional	tw
litvfreemobile-hichannel.cdn.hinet.net	regional	tw
live01-stan.akamaized.net	regional	au
live02-stan.akamaized.net	regional	au
livestream-cdn.9vms.com.au	regional	au
mainserver.567852.xyz	regional	hk
max.com	regional	hk
maxgo.com	regional	sa
mbc.net	regional	sg
media-shield.live.eurosport.map.fastly.net	regional	eu
mediapolisvod.rai.it	regional	eu
megogo.net	regional	eu
meovse.com	regional	tw
mewatch.sg	regional	sg
mgd0ee5iankkv3gidl14rm7c0.litix.io	regional	au
mi9.com.au	regional	au
mi9cdn.com	regional	au
mobile-collector.newrelic.com	regional	eu
mobileanalytics.us-east-1.amazonaws.com	regional	hk
molotov.tv	regional	eu
mora.jp	regional	jp
movenetworks.com	regional	us
movetv.com	regional	us
mtg-api.com	regional	eu
muscdn.com	global	-
music-book.jp	regional	jp
music.126.net	global	-
music.163.com	global	-
music.jp	regional	jp
musical.ly	global	-
mxplayer.in	regional	sg
mytv.vn	regional	sg
mytvb.livednow.us.kg	regional	hk
mytvsuper.com	regional	hk
mytvsuper.com.mp	regional	hk
mytvsuper.us.kg	regional	hk
mytvsuperlimited.hb.omtrdc.net	regional	hk
mytvsuperlimited.sc.omtrdc.net	regional	hk
myvideo.net.tw	regional	tw
naver.com	regional	kr
navercorp.com	regional	kr
nba-api-cdn.opin.media	regional	us
nba.com	regional	us
nbaapi.neulion.com	regional	us
nbanlds19vod.akamaized.net	regional	us
nbaprop.sc.omtrdc.net	regional	us
nbaprop.tt.omtrdc.net	regional	us
neontv.co.nz	regional	au
net10-livestream-keys.play.cbsi.video	regional	au
net10-livestream.play.cbsi.video	regional	au
netflix.com	global	-
netflix.net	global	-
neulion-a.akamaihd.net	regional	us
neulion.com	regional	us
neulionqos-a.akamaihd.net	regional	us
nfl.com	regional	us
nflxext.com	global	-
nflximg.com	global	-
nflximg.net	global	-
nflxso.net	global	-
nflxvideo.net	global	-
nhk.jp	regional	jp
nhk.or.jp	regional	jp
nicovideo.jp	regional	jp
nimg.jp	regional	jp
nine.com.au	regional	au
nineentertainment.com.au	regional	au
nineentertainmentco.com.au	regional	au
ninemediaroom.com.au	regional	au
ninemsn.com.au	regional	au
nlnbamdnyc-a.akamaihd.net	regional	us
nlnbaqos.neulion.com	regional	us
now-tv.com	regional	hk
now.com	regional	hk
nowe.com	regional	hk
nowestatic.com	regional	hk
npaw.com	regional	sg
npc-live-sevennetwork.akamaized.net	regional	au
npo.nl	regional	eu
ntd-tgc.cdn.hinet.net	regional	tw
ntdofifreepc-tgc.cdn.hinet.net	regional	tw
nxtv.jp	regional	jp
oaistatic.com	ai	-
oaiusercontent.com	ai	-
ofiii.com	regional	tw
ols-ww100-cp.akamaized.net	regional	tw
onead.com.tw	regional	tw
openai.com	ai	-
optus.com.au	regional	au
optusdigital.com	regional	au
optusnet.com.au	regional	au
optussport.tv	regional	au
optusvideo.tv	regional	au
oth.eve.mdt.qq.com	regional	tw
oth.str.mdt.qq.com	regional	tw
p-9now.akamaized.net	regional	au
p-smith.com	regional	jp
pandalive.co.kr	regional	kr
paramountplus.com	regional	us
paravi.jp	regional	jp
peacock.com	regional	us
peacocktv.com	regional	us
philo.com	regional	us
pik.goog	regional	tw
pluto.tv	regional	us
pndsn.com	regional	au
polyfill.io	regional	tw
pooq.co.kr	regional	kr
popcornflix-prod.cloud.seachange.com	regional	us
popcornflix.com	regional	us
pplusstatic.com	regional	us
pps.tv	global	-
ppsimg.com	global	-
ppstream.cn	global	-
ppstream.com	global	-
ppstream.com.cn	global	-
ppstream.net	global	-
ppstream.net.cn	global	-
ppsurl.com	global	-
primevideo.com	global	-
prod-skyonelive.akamaized.net	regional	au
prod.hjholdings.tv	regional	jp
pstatic.net	regional	kr
pv-cdn.net	global	-
qiyi.cn	global	-
qiyi.com	global	-
qiyipic.com	global	-
qy.com	global	-
qy.net	global	-
radiko.jp	regional	jp
radionikkei.jp	regional	jp
rakuten.co.jp	regional	jp
rakuten.tv	regional	eu
salto.fr	regional	eu
sbs-live-dai.akamaized.net	regional	au
sbs-live-prod-01.akamaized.net	regional	au
sbs-live.akamaized.net	regional	au
sbs-vod-dai-prod-01.akamaized.net	regional	au
sbs-vod-prod-01.akamaized.net	regional	au
sbs.com.au	regional	au
sbsod.com	regional	au
sbsvoddai-vh.akamaihd.net	regional	au
sbsvodns-vh.akamaihd.net	regional	au
scc.ott.hinet.net	regional	tw
screens-lab.jp	regional	jp
scvm1sc0-ssm.anycast.nagra.com	regional	sg
sdk.iad-03.braze.com	regional	us
setantasports.com	global	-
seven.demdex.net	regional	au
shahid.net	regional	sg
sho.com	regional	us
showtime.com	regional	us
showtimeanytime.com	regional	us
shudder.com	regional	us
sky.ch	regional	eu
sky.co.nz	regional	au
sky.com	regional	eu
sky.de	regional	eu
skyking.com.tw	regional	tw
skyshowtime.com	regional	eu
skyshowtimeuk.data.adobedc.net	regional	eu
skysportnow.co.nz	regional	au
sling.com	regional	us
slinginternational.com	regional	us
smartmediarep.com	regional	kr
smartstream.ne.jp	regional	jp
soku.com	global	-
solocoo.tv	regional	sg
sooka.my	regional	sg
sora.com	ai	-
stan.com.au	regional	au
stan.video	regional	au
starhubgo.com	regional	sg
starhubtvplus.com	regional	sg
starz.com	regional	us
static9.net.au	regional	au
steampowered.com	global	-
streaks.jp	regional	jp
stream.ne.jp	regional	jp
streamcoimg-a.akamaihd.net	regional	au
streamotion.com.au	regional	au
suike.cn	global	-
tataplay.com	regional	sg
telasa.jp	regional	jp
tglmp03.akamaized.net	regional	sg
theater-kktv.cdn.hinet.net	regional	tw
theplatform.com	regional	us
tik-tokapi.com	global	-
tiktok.com	global	-
tiktokcdn.com	global	-
tiktokv.com	global	-
tls1.yospace.com	regional	au
today.line.me	regional	tw
tra-www000-cp.akamaized.net	regional	sg
trueid.net	regional	sg
tubitv.com	regional	us
tvb.com	regional	hk
tvb.com.au	regional	hk
tvbanywhere.com	regional	hk
tvbanywhere.com.sg	regional	hk
tvbc.com.cn	regional	hk
tvbeventpower.com.hk	regional	hk
tvbtracking.azurewebsites.net	regional	hk
tvbusa.com	regional	hk
tvbweekly.com	regional	hk
tver.co.jp	regional	jp
tver.jp	regional	jp
tving.com	regional	kr
tvmedia.net.au	regional	hk
tw.tv.yahoo.com	regional	tw
tw.yahoo.com	regional	tw
unext.jp	regional	jp
upos-hz-mirrorakam.akamaized.net	regional	tw
ux1kpaebv0.execute-api.eu-west-1.amazonaws.com	global	-
vcdn.biz	regional	eu
viaplay.com	regional	eu
viaplay.pl	regional	eu
video-api.yql.yahoo.com	regional	tw
video.a2z.com	global	-
video.friday.tw	regional	tw
videocdn-sbs.akamaized.net	regional	au
videoland.com	regional	eu
videomarket.jp	regional	jp
videopass.jp	regional	jp
videos-f.jwpsrv.com	regional	hk
viu.com	regional	hk
viu.now.com	regional	hk
viu.tv	regional	hk
vmdash-cenc.akamaized.net	regional	jp
vod-abematv.akamaized.net	regional	jp
vod-dash-ntham-comm-live.akamaized.net	regional	eu
vod-dash-ntham-comm.live.cf.md.bbci.co.uk	regional	eu
vod-dash-uk-live.akamaized.net	regional	uk
vod-dash-ww-live.akamaized.net	regional	eu
vod-hls-ntham-comm-live.akamaized.net	regional	eu
vod-hls-ntham-comm.live.cf.md.bbci.co.uk	regional	eu
vod-hls-uk-live.akamaized.net	regional	eu
vod-playout-abematv.akamaized.net	regional	jp
vod-sub-uk-live.akamaized.net	regional	eu
vod-thumb-uk-live.akamaized.net	regional	uk
vod-thumb-ww-live.akamaized.net	regional	eu
vop-yahoo.akamaized.net	regional	tw
vrv.co	regional	us
vs-cmaf-push-uk-live.akamaized.net	regional	eu
watchespn.com	regional	us
watchnba.cdnfastly.endeavorstreaming.net	regional	us
wavve.com	regional	kr
wetv.acc.qq.com	regional	tw
wetv.vip	regional	tw
wetvinfo.com	regional	tw
worldflipper.jp	regional	jp
wowow.co.jp	regional	jp
www.bilibili.com	regional	hk
x-default-stgec.uplynk.com	regional	eu
x-live-fox-stgec.uplynk.com	regional	us
yahoovod.hs.llnwd.net	regional	tw
yb.uncn.jp	regional	jp
yep.video.yahoo.com	regional	tw
ykimg.com	global	-
yospace.com	regional	uk
youboranqs01.com	regional	hk
youku.com	global	-
yourtv.com.au	regional	au
zahs.tv	regional	eu
zdf.de	regional	eu
zee5.com	regional	sg
